  Lab1_Graph.cpp
     Создается библиотека E:\Lab_6\x64\Debug\Lab1_Graph.lib и объект E:\Lab_6\x64\Debug\Lab1_Graph.exp
LINK : warning LNK4217: Символ "glewInit", определенный в "glew.obj", импортирован "Lab1_Graph.obj" в функции "main".
LINK : warning LNK4217: Символ "__glewBindBuffer", определенный в "glew.obj", импортирован "Lab1_Graph.obj" в функции ""private: void __cdecl Mesh::setupMesh(void)" (?setupMesh@Mesh@@AEAAXXZ)".
LINK : warning LNK4217: Символ "__glewBufferData", определенный в "glew.obj", импортирован "Lab1_Graph.obj" в функции ""private: void __cdecl Mesh::setupMesh(void)" (?setupMesh@Mesh@@AEAAXXZ)".
LINK : warning LNK4217: Символ "__glewDeleteBuffers", определенный в "glew.obj", импортирован "Lab1_Graph.obj" в функции ""public: __cdecl Mesh::~Mesh(void)" (??1Mesh@@QEAA@XZ)".
LINK : warning LNK4217: Символ "__glewGenBuffers", определенный в "glew.obj", импортирован "Lab1_Graph.obj" в функции ""private: void __cdecl Mesh::setupMesh(void)" (?setupMesh@Mesh@@AEAAXXZ)".
LINK : warning LNK4217: Символ "__glewAttachShader", определенный в "glew.obj", импортирован "Lab1_Graph.obj" в функции ""public: __cdecl ShaderProgram::ShaderProgram(char const *,char const *)" (??0ShaderProgram@@QEAA@PEBD0@Z)".
LINK : warning LNK4217: Символ "__glewCompileShader", определенный в "glew.obj", импортирован "Lab1_Graph.obj" в функции ""private: unsigned int __cdecl ShaderProgram::compileShader(unsigned int,char const *)" (?compileShader@ShaderProgram@@AEAAIIPEBD@Z)".
LINK : warning LNK4217: Символ "__glewCreateProgram", определенный в "glew.obj", импортирован "Lab1_Graph.obj" в функции ""public: __cdecl ShaderProgram::ShaderProgram(char const *,char const *)" (??0ShaderProgram@@QEAA@PEBD0@Z)".
LINK : warning LNK4217: Символ "__glewCreateShader", определенный в "glew.obj", импортирован "Lab1_Graph.obj" в функции ""private: unsigned int __cdecl ShaderProgram::compileShader(unsigned int,char const *)" (?compileShader@ShaderProgram@@AEAAIIPEBD@Z)".
LINK : warning LNK4217: Символ "__glewDeleteProgram", определенный в "glew.obj", импортирован "Lab1_Graph.obj" в функции ""public: __cdecl ShaderProgram::~ShaderProgram(void)" (??1ShaderProgram@@QEAA@XZ)".
LINK : warning LNK4217: Символ "__glewDeleteShader", определенный в "glew.obj", импортирован "Lab1_Graph.obj" в функции ""public: __cdecl ShaderProgram::ShaderProgram(char const *,char const *)" (??0ShaderProgram@@QEAA@PEBD0@Z)".
LINK : warning LNK4217: Символ "__glewEnableVertexAttribArray", определенный в "glew.obj", импортирован "Lab1_Graph.obj" в функции ""private: void __cdecl Mesh::setupMesh(void)" (?setupMesh@Mesh@@AEAAXXZ)".
LINK : warning LNK4217: Символ "__glewGetProgramInfoLog", определенный в "glew.obj", импортирован "Lab1_Graph.obj" в функции ""private: void __cdecl ShaderProgram::checkCompileErrors(unsigned int,class std::basic_string<char,struct std::char_traits<char>,class std::allocator<char> >)" (?checkCompileErrors@ShaderProgram@@AEAAXIV?$basic_string@DU?$char_traits@D@std@@V?$allocator@D@2@@std@@@Z)".
LINK : warning LNK4217: Символ "__glewGetProgramiv", определенный в "glew.obj", импортирован "Lab1_Graph.obj" в функции ""private: void __cdecl ShaderProgram::checkCompileErrors(unsigned int,class std::basic_string<char,struct std::char_traits<char>,class std::allocator<char> >)" (?checkCompileErrors@ShaderProgram@@AEAAXIV?$basic_string@DU?$char_traits@D@std@@V?$allocator@D@2@@std@@@Z)".
LINK : warning LNK4217: Символ "__glewGetShaderInfoLog", определенный в "glew.obj", импортирован "Lab1_Graph.obj" в функции ""private: void __cdecl ShaderProgram::checkCompileErrors(unsigned int,class std::basic_string<char,struct std::char_traits<char>,class std::allocator<char> >)" (?checkCompileErrors@ShaderProgram@@AEAAXIV?$basic_string@DU?$char_traits@D@std@@V?$allocator@D@2@@std@@@Z)".
LINK : warning LNK4217: Символ "__glewGetShaderiv", определенный в "glew.obj", импортирован "Lab1_Graph.obj" в функции ""private: void __cdecl ShaderProgram::checkCompileErrors(unsigned int,class std::basic_string<char,struct std::char_traits<char>,class std::allocator<char> >)" (?checkCompileErrors@ShaderProgram@@AEAAXIV?$basic_string@DU?$char_traits@D@std@@V?$allocator@D@2@@std@@@Z)".
LINK : warning LNK4217: Символ "__glewGetUniformLocation", определенный в "glew.obj", импортирован "Lab1_Graph.obj" в функции ""private: int __cdecl ShaderProgram::getUniformLocation(class std::basic_string<char,struct std::char_traits<char>,class std::allocator<char> > const &)const " (?getUniformLocation@ShaderProgram@@AEBAHAEBV?$basic_string@DU?$char_traits@D@std@@V?$allocator@D@2@@std@@@Z)".
LINK : warning LNK4217: Символ "__glewLinkProgram", определенный в "glew.obj", импортирован "Lab1_Graph.obj" в функции ""public: __cdecl ShaderProgram::ShaderProgram(char const *,char const *)" (??0ShaderProgram@@QEAA@PEBD0@Z)".
LINK : warning LNK4217: Символ "__glewShaderSource", определенный в "glew.obj", импортирован "Lab1_Graph.obj" в функции ""private: unsigned int __cdecl ShaderProgram::compileShader(unsigned int,char const *)" (?compileShader@ShaderProgram@@AEAAIIPEBD@Z)".
LINK : warning LNK4217: Символ "__glewUniform1f", определенный в "glew.obj", импортирован "Lab1_Graph.obj" в функции ""public: void __cdecl ShaderProgram::setFloat(class std::basic_string<char,struct std::char_traits<char>,class std::allocator<char> > const &,float)const " (?setFloat@ShaderProgram@@QEBAXAEBV?$basic_string@DU?$char_traits@D@std@@V?$allocator@D@2@@std@@M@Z)".
LINK : warning LNK4217: Символ "__glewUniform3fv", определенный в "glew.obj", импортирован "Lab1_Graph.obj" в функции ""public: void __cdecl ShaderProgram::setVec3(class std::basic_string<char,struct std::char_traits<char>,class std::allocator<char> > const &,struct glm::vec<3,float,0> const &)const " (?setVec3@ShaderProgram@@QEBAXAEBV?$basic_string@DU?$char_traits@D@std@@V?$allocator@D@2@@std@@AEBU?$vec@$02M$0A@@glm@@@Z)".
LINK : warning LNK4217: Символ "__glewUniformMatrix3fv", определенный в "glew.obj", импортирован "Lab1_Graph.obj" в функции ""public: void __cdecl ShaderProgram::setMat3(class std::basic_string<char,struct std::char_traits<char>,class std::allocator<char> > const &,struct glm::mat<3,3,float,0> const &)const " (?setMat3@ShaderProgram@@QEBAXAEBV?$basic_string@DU?$char_traits@D@std@@V?$allocator@D@2@@std@@AEBU?$mat@$02$02M$0A@@glm@@@Z)".
LINK : warning LNK4217: Символ "__glewUniformMatrix4fv", определенный в "glew.obj", импортирован "Lab1_Graph.obj" в функции ""public: void __cdecl ShaderProgram::setMat4(class std::basic_string<char,struct std::char_traits<char>,class std::allocator<char> > const &,struct glm::mat<4,4,float,0> const &)const " (?setMat4@ShaderProgram@@QEBAXAEBV?$basic_string@DU?$char_traits@D@std@@V?$allocator@D@2@@std@@AEBU?$mat@$03$03M$0A@@glm@@@Z)".
LINK : warning LNK4217: Символ "__glewUseProgram", определенный в "glew.obj", импортирован "Lab1_Graph.obj" в функции ""public: void __cdecl ShaderProgram::use(void)const " (?use@ShaderProgram@@QEBAXXZ)".
LINK : warning LNK4217: Символ "__glewVertexAttribPointer", определенный в "glew.obj", импортирован "Lab1_Graph.obj" в функции ""private: void __cdecl Mesh::setupMesh(void)" (?setupMesh@Mesh@@AEAAXXZ)".
LINK : warning LNK4217: Символ "__glewBindVertexArray", определенный в "glew.obj", импортирован "Lab1_Graph.obj" в функции ""public: void __cdecl Mesh::Draw(class ShaderProgram &)const " (?Draw@Mesh@@QEBAXAEAVShaderProgram@@@Z)".
LINK : warning LNK4217: Символ "__glewDeleteVertexArrays", определенный в "glew.obj", импортирован "Lab1_Graph.obj" в функции ""public: __cdecl Mesh::~Mesh(void)" (??1Mesh@@QEAA@XZ)".
LINK : warning LNK4217: Символ "__glewGenVertexArrays", определенный в "glew.obj", импортирован "Lab1_Graph.obj" в функции ""private: void __cdecl Mesh::setupMesh(void)" (?setupMesh@Mesh@@AEAAXXZ)".
LINK : warning LNK4217: Символ "glewExperimental", определенный в "glew.obj", импортирован "Lab1_Graph.obj" в функции "main".
  Lab1_Graph.vcxproj -> E:\Lab_6\x64\Debug\Lab1_Graph.exe
