  Lab1_Graph.cpp
E:\Lab_4-master\Lab1_Graph\Mesh.h(36,50): warning C4267: аргумент: преобразование из "size_t" в "GLsizei"; возможна потеря данных
  (компиляция исходного файла "Lab1_Graph.cpp")
  
E:\Lab_4-master\Lab1_Graph\Lab1_Graph.cpp(112,25): warning C4244: инициализация: преобразование "double" в "float", возможна потеря данных
     Создается библиотека E:\Lab_4-master\x64\Debug\Lab1_Graph.lib и объект E:\Lab_4-master\x64\Debug\Lab1_Graph.exp
LINK : warning LNK4217: Символ "glewInit", определенный в "glew.obj", импортирован "Lab1_Graph.obj" в функции "main".
LINK : warning LNK4217: Символ "__glewBindBuffer", определенный в "glew.obj", импортирован "Lab1_Graph.obj" в функции ""private: void __cdecl Mesh::setupMesh(void)" (?setupMesh@Mesh@@AEAAXXZ)".
LINK : warning LNK4217: Символ "__glewBufferData", определенный в "glew.obj", импортирован "Lab1_Graph.obj" в функции ""private: void __cdecl Mesh::setupMesh(void)" (?setupMesh@Mesh@@AEAAXXZ)".
LINK : warning LNK4217: Символ "__glewGenBuffers", определенный в "glew.obj", импортирован "Lab1_Graph.obj" в функции ""private: void __cdecl Mesh::setupMesh(void)" (?setupMesh@Mesh@@AEAAXXZ)".
LINK : warning LNK4217: Символ "__glewAttachShader", определенный в "glew.obj", импортирован "Lab1_Graph.obj" в функции ""public: __cdecl ShaderProgram::ShaderProgram(class std::basic_string<char,struct std::char_traits<char>,class std::allocator<char> > const &,class std::basic_string<char,struct std::char_traits<char>,class std::allocator<char> > const &)" (??0ShaderProgram@@QEAA@AEBV?$basic_string@DU?$char_traits@D@std@@V?$allocator@D@2@@std@@0@Z)".
LINK : warning LNK4217: Символ "__glewCompileShader", определенный в "glew.obj", импортирован "Lab1_Graph.obj" в функции ""private: unsigned int __cdecl ShaderProgram::compileShader(unsigned int,char const *)const " (?compileShader@ShaderProgram@@AEBAIIPEBD@Z)".
LINK : warning LNK4217: Символ "__glewCreateProgram", определенный в "glew.obj", импортирован "Lab1_Graph.obj" в функции ""public: __cdecl ShaderProgram::ShaderProgram(class std::basic_string<char,struct std::char_traits<char>,class std::allocator<char> > const &,class std::basic_string<char,struct std::char_traits<char>,class std::allocator<char> > const &)" (??0ShaderProgram@@QEAA@AEBV?$basic_string@DU?$char_traits@D@std@@V?$allocator@D@2@@std@@0@Z)".
LINK : warning LNK4217: Символ "__glewCreateShader", определенный в "glew.obj", импортирован "Lab1_Graph.obj" в функции ""private: unsigned int __cdecl ShaderProgram::compileShader(unsigned int,char const *)const " (?compileShader@ShaderProgram@@AEBAIIPEBD@Z)".
LINK : warning LNK4217: Символ "__glewDeleteShader", определенный в "glew.obj", импортирован "Lab1_Graph.obj" в функции ""public: __cdecl ShaderProgram::ShaderProgram(class std::basic_string<char,struct std::char_traits<char>,class std::allocator<char> > const &,class std::basic_string<char,struct std::char_traits<char>,class std::allocator<char> > const &)" (??0ShaderProgram@@QEAA@AEBV?$basic_string@DU?$char_traits@D@std@@V?$allocator@D@2@@std@@0@Z)".
LINK : warning LNK4217: Символ "__glewEnableVertexAttribArray", определенный в "glew.obj", импортирован "Lab1_Graph.obj" в функции ""private: void __cdecl Mesh::setupMesh(void)" (?setupMesh@Mesh@@AEAAXXZ)".
LINK : warning LNK4217: Символ "__glewGetProgramInfoLog", определенный в "glew.obj", импортирован "Lab1_Graph.obj" в функции ""private: void __cdecl ShaderProgram::checkProgramLink(void)const " (?checkProgramLink@ShaderProgram@@AEBAXXZ)".
LINK : warning LNK4217: Символ "__glewGetProgramiv", определенный в "glew.obj", импортирован "Lab1_Graph.obj" в функции ""private: void __cdecl ShaderProgram::checkProgramLink(void)const " (?checkProgramLink@ShaderProgram@@AEBAXXZ)".
LINK : warning LNK4217: Символ "__glewGetShaderInfoLog", определенный в "glew.obj", импортирован "Lab1_Graph.obj" в функции ""private: void __cdecl ShaderProgram::checkShaderCompile(unsigned int,class std::basic_string<char,struct std::char_traits<char>,class std::allocator<char> > const &)const " (?checkShaderCompile@ShaderProgram@@AEBAXIAEBV?$basic_string@DU?$char_traits@D@std@@V?$allocator@D@2@@std@@@Z)".
LINK : warning LNK4217: Символ "__glewGetShaderiv", определенный в "glew.obj", импортирован "Lab1_Graph.obj" в функции ""private: void __cdecl ShaderProgram::checkShaderCompile(unsigned int,class std::basic_string<char,struct std::char_traits<char>,class std::allocator<char> > const &)const " (?checkShaderCompile@ShaderProgram@@AEBAXIAEBV?$basic_string@DU?$char_traits@D@std@@V?$allocator@D@2@@std@@@Z)".
LINK : warning LNK4217: Символ "__glewGetUniformLocation", определенный в "glew.obj", импортирован "Lab1_Graph.obj" в функции ""public: void __cdecl ShaderProgram::setUniform(class std::basic_string<char,struct std::char_traits<char>,class std::allocator<char> > const &,float,float,float,float)const " (?setUniform@ShaderProgram@@QEBAXAEBV?$basic_string@DU?$char_traits@D@std@@V?$allocator@D@2@@std@@MMMM@Z)".
LINK : warning LNK4217: Символ "__glewLinkProgram", определенный в "glew.obj", импортирован "Lab1_Graph.obj" в функции ""public: __cdecl ShaderProgram::ShaderProgram(class std::basic_string<char,struct std::char_traits<char>,class std::allocator<char> > const &,class std::basic_string<char,struct std::char_traits<char>,class std::allocator<char> > const &)" (??0ShaderProgram@@QEAA@AEBV?$basic_string@DU?$char_traits@D@std@@V?$allocator@D@2@@std@@0@Z)".
LINK : warning LNK4217: Символ "__glewShaderSource", определенный в "glew.obj", импортирован "Lab1_Graph.obj" в функции ""private: unsigned int __cdecl ShaderProgram::compileShader(unsigned int,char const *)const " (?compileShader@ShaderProgram@@AEBAIIPEBD@Z)".
LINK : warning LNK4217: Символ "__glewUniform4f", определенный в "glew.obj", импортирован "Lab1_Graph.obj" в функции ""public: void __cdecl ShaderProgram::setUniform(class std::basic_string<char,struct std::char_traits<char>,class std::allocator<char> > const &,float,float,float,float)const " (?setUniform@ShaderProgram@@QEBAXAEBV?$basic_string@DU?$char_traits@D@std@@V?$allocator@D@2@@std@@MMMM@Z)".
LINK : warning LNK4217: Символ "__glewUniformMatrix4fv", определенный в "glew.obj", импортирован "Lab1_Graph.obj" в функции ""void __cdecl settingMat4(int,class std::basic_string<char,struct std::char_traits<char>,class std::allocator<char> > const &,struct glm::mat<4,4,float,0> const &)" (?settingMat4@@YAXHAEBV?$basic_string@DU?$char_traits@D@std@@V?$allocator@D@2@@std@@AEBU?$mat@$03$03M$0A@@glm@@@Z)".
LINK : warning LNK4217: Символ "__glewUseProgram", определенный в "glew.obj", импортирован "Lab1_Graph.obj" в функции ""public: void __cdecl ShaderProgram::use(void)const " (?use@ShaderProgram@@QEBAXXZ)".
LINK : warning LNK4217: Символ "__glewVertexAttribPointer", определенный в "glew.obj", импортирован "Lab1_Graph.obj" в функции ""private: void __cdecl Mesh::setupMesh(void)" (?setupMesh@Mesh@@AEAAXXZ)".
LINK : warning LNK4217: Символ "__glewBindVertexArray", определенный в "glew.obj", импортирован "Lab1_Graph.obj" в функции ""public: void __cdecl Mesh::Draw(class ShaderProgram &)" (?Draw@Mesh@@QEAAXAEAVShaderProgram@@@Z)".
LINK : warning LNK4217: Символ "__glewGenVertexArrays", определенный в "glew.obj", импортирован "Lab1_Graph.obj" в функции ""private: void __cdecl Mesh::setupMesh(void)" (?setupMesh@Mesh@@AEAAXXZ)".
LINK : warning LNK4217: Символ "glewExperimental", определенный в "glew.obj", импортирован "Lab1_Graph.obj" в функции "main".
  Lab1_Graph.vcxproj -> E:\Lab_4-master\x64\Debug\Lab1_Graph.exe
